// Vitest Snapshot v1

exports[`account interface > signTransaction 1`] = `"64313a536475313a306934386575313a316937306575323a3130693132386575323a313169356575323a3132693134366575323a31336938316575323a31346933326575323a31356932326575323a3136693134306575323a31376938376575323a31386939346575323a31396936316575313a3269326575323a3230693130366575323a32316932306575323a3232693132366575323a3233693131356575323a32346933376575323a32356934306575323a3236693131396575323a3237693135336575323a3238693139336575323a3239693132366575313a336933336575323a33306937346575323a33316936316575323a33326934306575323a3333693139396575323a3334693133386575323a3335693135346575323a33366936316575323a333769326575323a33386933336575323a333969306575313a3469306575323a3430693139366575323a343169386575323a34326939346575323a3433693136376575323a3434693133356575323a3435693230356575323a34366935336575323a34376931306575323a3438693130366575323a3439693232396575313a35693135306575323a35306935356575323a3531693130336575323a35326936386575323a3533693136326575323a3534693138376575323a3535693230306575323a35366934356575323a35376938316575323a35386932366575323a3539693234336575313a3669316575323a3630693233366575323a3631693135306575323a3632693130356575323a3633693133356575323a36346931376575323a36356932326575323a36366932346575323a3637693235356575323a3638693137366575323a3639693136376575313a37693138366575323a3730693135376575323a37316937386575313a38693233306575313a39693133356565313a616c6475373a747970655f696475363a7374616b653275363a76616c7565736475323a616d69316575323a696431363a64a268c8248da04b954c9141395e52f8656565313a6733323a4582250d0da33b06779a8475d283d5dd210c683b9b999d74d03fac4f58fa6bce313a6e693065313a7036353a04aa17ca75c263e176003e14f0fb8e7091dfb6fc73cd5bd7bc0c0ce4022a6b21a4ec1b7bf6e40a210dd1e2d05d7c86fc1fee3ea995b3ab635619e18170ab0761d5313a7332303aa0208696a8e001feb28b4ef94b9b0029b9c31c06313a747532373a323032322d31302d30355430353a33383a31342e3630363836365a313a756c32303a037afa4bec223b5f6f2f41f6a475f2d1dff1ad7332303aa0208696a8e001feb28b4ef94b9b0029b9c31c066565"`;
